Using device: cpu

Loading and encoding data...
Total samples: 8234
Features: 24 categorical + 1 numeric
Vocabulary sizes: [268, 15, 265, 57, 246, 56, 10, 115, 134, 54, 110, 54, 3, 14, 13, 4, 4, 8, 8, 9, 180, 979, 36, 5]
Target distribution: [4119 4115]

Train samples: 7916 (<=2019)
Validation samples: 159 (>=2020)
Test samples: 159 (>=2020)

Embedding dimensions: [50, 8, 50, 29, 50, 28, 5, 50, 50, 27, 50, 27, 2, 7, 7, 2, 2, 4, 4, 5, 50, 50, 18, 3]

Model parameters: 312,798 (trainable: 312,798)

Training...
================================================================================
Epoch   1/50 | Train Loss: 0.6846 | Train Acc: 0.5740 | Val Loss: 0.7082 | Val Acc: 0.4403
Epoch   2/50 | Train Loss: 0.6404 | Train Acc: 0.6263 | Val Loss: 0.8206 | Val Acc: 0.4591
Epoch   3/50 | Train Loss: 0.6122 | Train Acc: 0.6588 | Val Loss: 1.3874 | Val Acc: 0.5535
Epoch   4/50 | Train Loss: 0.5848 | Train Acc: 0.6861 | Val Loss: 0.9112 | Val Acc: 0.5535
Epoch   5/50 | Train Loss: 0.5626 | Train Acc: 0.7039 | Val Loss: 1.0649 | Val Acc: 0.4465
Epoch   6/50 | Train Loss: 0.5393 | Train Acc: 0.7241 | Val Loss: 1.0212 | Val Acc: 0.4528
Epoch   7/50 | Train Loss: 0.5179 | Train Acc: 0.7372 | Val Loss: 1.3345 | Val Acc: 0.5535
Epoch   8/50 | Train Loss: 0.4725 | Train Acc: 0.7652 | Val Loss: 0.7495 | Val Acc: 0.5535
Epoch   9/50 | Train Loss: 0.4489 | Train Acc: 0.7759 | Val Loss: 1.7733 | Val Acc: 0.4465
Epoch  10/50 | Train Loss: 0.4353 | Train Acc: 0.7914 | Val Loss: 1.2583 | Val Acc: 0.5660
Epoch  11/50 | Train Loss: 0.4137 | Train Acc: 0.8032 | Val Loss: 1.1807 | Val Acc: 0.4654

Early stopping at epoch 11
================================================================================

================================================================================
VALIDATION SET RESULTS (2020+ cases)
================================================================================
Validation Accuracy: 0.4403

Classification Report:
              precision    recall  f1-score   support

Conservative     0.4918    0.3409    0.4027        88
     Liberal     0.4082    0.5634    0.4734        71

    accuracy                         0.4403       159
   macro avg     0.4500    0.4521    0.4380       159
weighted avg     0.4545    0.4403    0.4342       159


================================================================================
TEST SET RESULTS (held-out 2020+ cases)
================================================================================
Test Accuracy: 0.5472

Classification Report:
              precision    recall  f1-score   support

Conservative     0.6269    0.4719    0.5385        89
     Liberal     0.4891    0.6429    0.5556        70

    accuracy                         0.5472       159
   macro avg     0.5580    0.5574    0.5470       159
weighted avg     0.5662    0.5472    0.5460       159

